// Jest Snapshot v1, https://goo.gl/fbAQLP

exports[`Layout renders properly 1`] = `
<div>
  <section
    class="ant-layout layout-container w-100"
  >
    <div>
      <nav
        class="nav-con navbar navbar-expand-md navbar-light"
      >
        <a
          class="brand-name navbar-brand"
          data-testid="top-logo"
          href="/"
        >
          <img
            alt="SameDay Custom"
            src="Logo.svg"
          />
        </a>
        <button
          aria-label="Toggle navigation"
          class="navbar-toggler"
          type="button"
        >
          <span
            class="navbar-toggler-icon"
          />
        </button>
        <div
          class="collapse navbar-collapse"
        >
          <ul
            class="ml-auto dl-font-weight-500 dl-text-semi-small w-100 navbar-nav"
          >
            <li
              class="menu-item dl-text-gray-700 nav-item"
              data-testid="top-lmenu"
            >
              <a
                class="active-menu nav-link"
                href="#"
              >
                Design Lab
              </a>
            </li>
            <li
              class="menu-item dl-text-gray-700 nav-item"
              data-testid="top-lmenu"
            >
              <a
                class="nav-link"
                href="/investments"
              >
                Products
              </a>
            </li>
            <li
              class="menu-item dl-text-gray-700 nav-item"
              data-testid="top-lmenu"
            >
              <a
                class="nav-link"
                href="#"
              >
                How it works
              </a>
            </li>
            <li
              class="menu-item dl-text-gray-700 me-auto nav-item"
              data-testid="top-lmenu"
            >
              <a
                class="nav-link"
                href="#"
              >
                Bulk pricing
              </a>
            </li>
            <li
              class="nav-item"
              data-testid="top-rmenu"
            >
              <a
                class="get-help-btn nav-btn nav-link"
                href="#"
              >
                <svg
                  class="me-2"
                >
                  Chat.svg
                </svg>
                Get help
                <svg
                  class="ms-2"
                >
                  CaretDown.svg
                </svg>
              </a>
            </li>
            <li
              class="nav-item"
              data-testid="top-rmenu"
            >
              <a
                class="your-acct-btn nav-btn nav-link"
                href="#"
              >
                <svg
                  class="me-2"
                >
                  Person.svg
                </svg>
                 Your Account 
                <svg
                  class="ms-2"
                >
                  CaretDown.svg
                </svg>
              </a>
            </li>
          </ul>
        </div>
      </nav>
    </div>
    <section
      class="ant-layout ant-layout-has-sider"
    >
      <main
        class="ant-layout-content content"
      >
        <div
          class="d-flex flex-row home-page"
        >
          <aside
            class="ant-layout-sider ant-layout-sider-dark sidebar-component"
            style="flex: 0 0 100px; max-width: 100px; min-width: 100px; width: 100px;"
          >
            <div
              class="ant-layout-sider-children"
            >
              <ul
                class="ant-menu ant-menu-root ant-menu-inline ant-menu-light"
                data-menu-list="true"
                role="menu"
                tabindex="0"
              >
                <li
                  class="ant-menu-item ant-menu-item-only-child"
                  data-menu-id="rc-menu-uuid-test-text"
                  data-testid="side-menu"
                  role="menuitem"
                  style="padding-left: 24px;"
                  tabindex="-1"
                >
                  <span
                    class="ant-menu-title-content"
                  >
                    <div
                      class="text-center"
                    >
                      <div>
                        <svg
                          fill="white"
                        >
                          Text.svg
                        </svg>
                      </div>
                      <p
                        class="ml-2 px-3 dl-mt-12 text-wrap text-center"
                      >
                        Add Text
                      </p>
                    </div>
                  </span>
                </li>
                <li
                  class="ant-menu-item ant-menu-item-only-child"
                  data-menu-id="rc-menu-uuid-test-template"
                  data-testid="side-menu"
                  role="menuitem"
                  style="padding-left: 24px;"
                  tabindex="-1"
                >
                  <span
                    class="ant-menu-title-content"
                  >
                    <div
                      class="text-center"
                    >
                      <div>
                        <svg
                          fill="white"
                        >
                          Art.svg
                        </svg>
                      </div>
                      <p
                        class="ml-2 px-3 dl-mt-12 text-wrap text-center"
                      >
                        Use Template
                      </p>
                    </div>
                  </span>
                </li>
                <li
                  class="ant-menu-item ant-menu-item-only-child"
                  data-menu-id="rc-menu-uuid-test-upload"
                  data-testid="side-menu"
                  role="menuitem"
                  style="padding-left: 24px;"
                  tabindex="-1"
                >
                  <span
                    class="ant-menu-title-content"
                  >
                    <div
                      class="text-center"
                    >
                      <div>
                        <svg
                          fill="white"
                        >
                          Upload.svg
                        </svg>
                      </div>
                      <p
                        class="ml-2 px-3 dl-mt-12 text-wrap text-center"
                      >
                        Upload design
                      </p>
                    </div>
                  </span>
                </li>
                <li
                  class="ant-menu-item ant-menu-item-only-child"
                  data-menu-id="rc-menu-uuid-test-colors"
                  data-testid="side-menu"
                  role="menuitem"
                  style="padding-left: 24px;"
                  tabindex="-1"
                >
                  <span
                    class="ant-menu-title-content"
                  >
                    <div
                      class="text-center"
                    >
                      <div>
                        <svg
                          fill="white"
                        >
                          Color.svg
                        </svg>
                      </div>
                      <p
                        class="ml-2 px-3 dl-mt-12 text-wrap text-center"
                      >
                        Product Colors
                      </p>
                    </div>
                  </span>
                </li>
                <li
                  class="ant-menu-item ant-menu-item-only-child"
                  data-menu-id="rc-menu-uuid-test-team"
                  data-testid="side-menu"
                  role="menuitem"
                  style="padding-left: 24px;"
                  tabindex="-1"
                >
                  <span
                    class="ant-menu-title-content"
                  >
                    <div
                      class="text-center"
                    >
                      <div>
                        <svg
                          fill="white"
                        >
                          TeamNames.svg
                        </svg>
                      </div>
                      <p
                        class="ml-2 px-3 dl-mt-12 text-wrap text-center"
                      >
                        Add Team names
                      </p>
                    </div>
                  </span>
                </li>
                <li
                  class="ant-menu-item ant-menu-item-only-child"
                  data-menu-id="rc-menu-uuid-test-notes"
                  data-testid="side-menu"
                  role="menuitem"
                  style="padding-left: 24px;"
                  tabindex="-1"
                >
                  <span
                    class="ant-menu-title-content"
                  >
                    <div
                      class="text-center"
                    >
                      <div>
                        <svg
                          fill="white"
                        >
                          Notes.svg
                        </svg>
                      </div>
                      <p
                        class="ml-2 px-3 dl-mt-12 text-wrap text-center"
                      >
                        Add Notes
                      </p>
                    </div>
                  </span>
                </li>
              </ul>
              <div
                aria-hidden="true"
                style="display: none;"
              />
            </div>
          </aside>
          <div
            class="quickaction-component"
          >
            <h4
              class="dl-font-weight-500 dl-text-gray-900 text-center mb-5"
            >
              What’s next for you?
            </h4>
            <div>
              <div
                class="row action-con"
              >
                <div
                  class="col text-center"
                  data-testid="addtext-quickaction"
                >
                  <div
                    class="icon-con dl-pointer"
                  >
                    <svg>
                      Abc.svg
                    </svg>
                  </div>
                  <p
                    class="dl-pointer dl-text-gray-900 dl-mt-12"
                  >
                    Add Text
                  </p>
                </div>
                <div
                  class="col text-center"
                >
                  <div
                    class="icon-con dl-pointer "
                  >
                    <svg>
                      Template.svg
                    </svg>
                  </div>
                  <p
                    class="dl-pointer dl-text-gray-900 dl-mt-12"
                  >
                    Use Template
                  </p>
                </div>
              </div>
              <div
                class="row action-con"
              >
                <div
                  class="col text-center"
                >
                  <div
                    class="icon-con dl-pointer "
                  >
                    <svg>
                      UploadOutline.svg
                    </svg>
                  </div>
                  <p
                    class="dl-pointer dl-text-gray-900 dl-mt-12"
                  >
                    Upload design
                  </p>
                </div>
                <div
                  class="col text-center"
                >
                  <div
                    class="icon-con dl-pointer"
                  >
                    <svg>
                      Shirts.svg
                    </svg>
                  </div>
                  <p
                    class="dl-pointer dl-text-gray-900 dl-mt-12"
                  >
                    Change Products
                  </p>
                </div>
              </div>
            </div>
            <p
              class="dl-text-medium dl-text-gray-900 dl-font-weight-500 text-center"
            >
              or 
              <span
                class="dl-pointer dl-text-primary text-decoration-underline"
              >
                start over
              </span>
            </p>
          </div>
          <section
            class="ant-layout home-content dl-pt-12 dl-pb-12 dl-pl-12 dl-pr-12"
          >
            <main
              class="ant-layout-content d-flex"
            >
              <div
                class="history-action dl-pt-12 dl-pb-12 dl-pl-12 dl-pr-12 d-flex flex-column justify-content-between"
              >
                <div
                  class="text-center dl-pointer"
                >
                  <svg>
                    Undo.svg
                  </svg>
                  <p
                    class="dl-text-gray-600 dl-font-weight-500 mt-2"
                  >
                    Undo
                  </p>
                </div>
                <div
                  class="text-center opacity-25"
                >
                  <svg>
                    Redo.svg
                  </svg>
                  <p
                    class="dl-text-gray-600 dl-font-weight-500 mt-2"
                  >
                    Redo
                  </p>
                </div>
              </div>
              <div
                class="flex-grow-1 text-center"
              >
                <div
                  class="shirt-con d-flex justify-content-center"
                >
                  <div>
                    <div
                      class="konvajs-content"
                      role="presentation"
                      style="position: relative; user-select: none; width: 0px; height: 0px;"
                    >
                      <canvas
                        height="0"
                        style="padding: 0px; margin: 0px; border: 0px; background: transparent; position: absolute; top: 0px; left: 0px; width: 0px; height: 0px; display: block;"
                        width="0"
                      />
                      <canvas
                        height="0"
                        style="padding: 0px; margin: 0px; border: 0px; background: transparent; position: absolute; top: 0px; left: 0px; width: 0px; height: 0px; display: block;"
                        width="0"
                      />
                    </div>
                  </div>
                </div>
              </div>
              <div>
                <div
                  class="part-container"
                >
                  <div
                    class="part-item d-flex flex-column justify-content-center align-items-center part-item-active dl-pointer"
                  >
                    <svg>
                      ShirtFront.svg
                    </svg>
                    <p
                      class="dl-text-gray-600 dl-font-weight-600 dl-text-small text-uppercase dl-mt-8"
                    >
                      Front
                    </p>
                  </div>
                  <div
                    class="part-item d-flex flex-column justify-content-center align-items-center dl-pointer"
                  >
                    <svg>
                      ShirtBack.svg
                    </svg>
                    <p
                      class="dl-text-gray-600 dl-font-weight-600 dl-text-small text-uppercase dl-mt-8"
                    >
                      Back
                    </p>
                  </div>
                  <div
                    class="part-item d-flex flex-column justify-content-center align-items-center dl-pointer"
                  >
                    <svg>
                      RightSleeve.svg
                    </svg>
                    <p
                      class="dl-text-gray-600 dl-font-weight-600 dl-text-small text-uppercase dl-mt-8"
                    >
                      Right Sleeve
                    </p>
                  </div>
                  <div
                    class="part-item d-flex flex-column justify-content-center align-items-center dl-pointer"
                  >
                    <svg>
                      LeftSleeve.svg
                    </svg>
                    <p
                      class="dl-text-gray-600 dl-font-weight-600 dl-text-small text-uppercase dl-mt-8"
                    >
                      Left Sleeve
                    </p>
                  </div>
                </div>
                <div
                  class="d-flex justify-content-between dl-mt-8"
                >
                  <div
                    class="zoom-con d-flex justify-content-center align-items-center dl-pointer"
                  >
                    <svg>
                      ZoomOut.svg
                    </svg>
                  </div>
                  <div
                    class="zoom-con d-flex justify-content-center align-items-center dl-pointer"
                  >
                    <svg>
                      ZoomIn.svg
                    </svg>
                  </div>
                </div>
              </div>
            </main>
          </section>
        </div>
      </main>
    </section>
    <div
      class="position-fixed bottom-0 start-0 w-100 footer d-flex flex-row align-items-center justify-content-between dl-text-semi-small"
    >
      <div
        class="d-flex flex-row align-items-center"
      >
        <button
          class="dl-bg-primary-light dl-border-primary-light dl-btn border-1 dl-text-primary btn btn-secondary"
        >
          <svg>
            PlusCircle.svg
          </svg>
          <span
            class="ms-2 dl-text-semi-small"
          >
            Add Products
          </span>
        </button>
        <div
          class="small-shirt"
        >
          <img
            alt="shirt"
            height="64"
            src="ShirtSmall.png"
            width="56"
          />
        </div>
        <div
          class="vt-line dl-ml-16 dl-mr-16"
        />
        <div
          class="d-flex flex-column justify-content-bewtween"
        >
          <div
            class="d-flex flex-row align-items-end"
          >
            <p
              class="dl-text-medium dl-font-weight-400 dl-text-gray-900 dl-mr-8"
            >
              Gildan Unisex T-shirt
            </p>
            <p
              class="dl-text-semi-small dl-font-weight-500 dl-text-primary dl-pointer"
            >
              Change Product
            </p>
          </div>
          <div
            class="d-flex flex-row align-items-end mt-3"
          >
            <label
              class="ant-radio-wrapper"
            >
              <span
                class="ant-radio"
              >
                <input
                  class="ant-radio-input"
                  type="radio"
                  value=""
                />
                <span
                  class="ant-radio-inner"
                />
              </span>
              <span>
                <p
                  class="dl-text-semi-small dl-font-weight-400 dl-text-gray-900 dl-mr-8"
                >
                  White
                </p>
              </span>
            </label>
            <p
              class="dl-text-semi-small dl-font-weight-500 dl-text-primary dl-pointer"
            >
              Change Color
            </p>
          </div>
        </div>
      </div>
      <div
        class="d-flex flex-row align-items-center"
      >
        <button
          class="dl-btn dl-btn-outline dl-border-primary dl-text-primary dl-bg-white dl-mr-12 btn btn-secondary"
        >
          <svg>
            Share.svg
          </svg>
        </button>
        <button
          class="dl-bg-primary-light dl-border-primary-light dl-btn border-1 dl-text-primary dl-mr-12 d-flex flex-row align-items-center btn btn-secondary"
        >
          <svg>
            Save.svg
          </svg>
          <span
            class="ms-2 dl-text-semi-small"
          >
            Save
          </span>
        </button>
        <button
          class="dl-bg-primary dl-border-primary dl-btn border-1 dl-text-primary d-flex flex-row align-items-center btn btn-secondary"
        >
          <svg>
            Dollar.svg
          </svg>
          <span
            class="ms-2 dl-text-white dl-text-semi-small"
          >
            Get Pricing
          </span>
        </button>
      </div>
    </div>
  </section>
</div>
`;
